
==========================================================================
finish report_tns
--------------------------------------------------------------------------
tns max 0.00

==========================================================================
finish report_wns
--------------------------------------------------------------------------
wns max 0.00

==========================================================================
finish report_worst_slack
--------------------------------------------------------------------------
worst slack max 3.63

==========================================================================
finish report_clock_min_period
--------------------------------------------------------------------------
clk period_min = 1.37 fmax = 728.39

==========================================================================
finish report_clock_skew
--------------------------------------------------------------------------
Clock clk
No launch/capture paths found.


==========================================================================
finish report_checks -path_delay min
--------------------------------------------------------------------------
Startpoint: A11[0] (input port clocked by clk)
Endpoint: C10[0] (output port clocked by clk)
Path Group: clk
Path Type: min

Fanout     Cap    Slew   Delay    Time   Description
-----------------------------------------------------------------------------
                          0.00    0.00   clock clk (rise edge)
                          0.00    0.00   clock network delay (propagated)
                          0.10    0.10 v input external delay
     1    1.21    0.00    0.00    0.10 v A11[0] (in)
                                         A11[0] (net)
                  0.00    0.00    0.10 v input25/A (BUF_X1)
    16   28.14    0.03    0.06    0.16 v input25/Z (BUF_X1)
                                         net25 (net)
                  0.03    0.00    0.16 v _3584_/A1 (AND2_X1)
     1    3.40    0.01    0.04    0.20 v _3584_/ZN (AND2_X1)
                                         _1561_ (net)
                  0.01    0.00    0.20 v _4876_/A (HA_X1)
     1    1.19    0.02    0.02    0.22 ^ _4876_/S (HA_X1)
                                         net97 (net)
                  0.02    0.00    0.22 ^ output97/A (BUF_X1)
     1    0.27    0.00    0.02    0.24 ^ output97/Z (BUF_X1)
                                         C10[0] (net)
                  0.00    0.00    0.24 ^ C10[0] (out)
                                  0.24   data arrival time

                          0.00    0.00   clock clk (rise edge)
                          0.00    0.00   clock network delay (propagated)
                          0.00    0.00   clock reconvergence pessimism
                         -0.10   -0.10   output external delay
                                 -0.10   data required time
-----------------------------------------------------------------------------
                                 -0.10   data required time
                                 -0.24   data arrival time
-----------------------------------------------------------------------------
                                  0.34   slack (MET)



==========================================================================
finish report_checks -path_delay max
--------------------------------------------------------------------------
Startpoint: A10[4] (input port clocked by clk)
Endpoint: C10[12] (output port clocked by clk)
Path Group: clk
Path Type: max

Fanout     Cap    Slew   Delay    Time   Description
-----------------------------------------------------------------------------
                          0.00    0.00   clock clk (rise edge)
                          0.00    0.00   clock network delay (propagated)
                          0.10    0.10 ^ input external delay
     1    2.67    0.00    0.00    0.10 ^ A10[4] (in)
                                         A10[4] (net)
                  0.00    0.00    0.10 ^ input21/A (BUF_X1)
    16   32.27    0.07    0.09    0.19 ^ input21/Z (BUF_X1)
                                         net21 (net)
                  0.07    0.01    0.19 ^ _3434_/A2 (NAND2_X1)
     1    3.46    0.02    0.03    0.22 v _3434_/ZN (NAND2_X1)
                                         _0761_ (net)
                  0.02    0.00    0.22 v _4560_/B (FA_X1)
     1    3.85    0.02    0.13    0.35 ^ _4560_/S (FA_X1)
                                         _2446_ (net)
                  0.02    0.00    0.35 ^ _4567_/A (FA_X1)
     1    3.67    0.02    0.09    0.44 v _4567_/S (FA_X1)
                                         _2454_ (net)
                  0.02    0.00    0.44 v _4569_/B (FA_X1)
     1    1.81    0.01    0.12    0.56 ^ _4569_/S (FA_X1)
                                         _0791_ (net)
                  0.01    0.00    0.56 ^ _3454_/A (INV_X1)
     1    4.37    0.01    0.01    0.58 v _3454_/ZN (INV_X1)
                                         _0803_ (net)
                  0.01    0.00    0.58 v _4573_/A (FA_X1)
     1    2.90    0.01    0.11    0.69 ^ _4573_/S (FA_X1)
                                         _2458_ (net)
                  0.01    0.00    0.69 ^ _4580_/CI (FA_X1)
     1    2.74    0.02    0.09    0.78 v _4580_/S (FA_X1)
                                         _2463_ (net)
                  0.02    0.00    0.78 v _4583_/CI (FA_X1)
     1    3.52    0.01    0.12    0.90 ^ _4583_/S (FA_X1)
                                         _2468_ (net)
                  0.01    0.00    0.90 ^ _4860_/B (HA_X1)
     5    9.90    0.06    0.09    0.99 ^ _4860_/S (HA_X1)
                                         _1535_ (net)
                  0.06    0.00    0.99 ^ _3638_/A (OAI21_X1)
     1    3.10    0.02    0.03    1.02 v _3638_/ZN (OAI21_X1)
                                         _1981_ (net)
                  0.02    0.00    1.02 v _3641_/A (AOI21_X2)
     2    5.61    0.03    0.05    1.07 ^ _3641_/ZN (AOI21_X2)
                                         _1984_ (net)
                  0.03    0.00    1.07 ^ _3643_/B1 (OAI221_X2)
     4    7.97    0.03    0.04    1.11 v _3643_/ZN (OAI221_X2)
                                         _1986_ (net)
                  0.03    0.00    1.11 v _3660_/A4 (OR4_X1)
     1    1.71    0.02    0.12    1.23 v _3660_/ZN (OR4_X1)
                                         _2001_ (net)
                  0.02    0.00    1.23 v _3664_/A2 (NAND3_X1)
     1    1.57    0.01    0.02    1.25 ^ _3664_/ZN (NAND3_X1)
                                         net100 (net)
                  0.01    0.00    1.25 ^ output100/A (BUF_X1)
     1    0.26    0.00    0.02    1.27 ^ output100/Z (BUF_X1)
                                         C10[12] (net)
                  0.00    0.00    1.27 ^ C10[12] (out)
                                  1.27   data arrival time

                          5.00    5.00   clock clk (rise edge)
                          0.00    5.00   clock network delay (propagated)
                          0.00    5.00   clock reconvergence pessimism
                         -0.10    4.90   output external delay
                                  4.90   data required time
-----------------------------------------------------------------------------
                                  4.90   data required time
                                 -1.27   data arrival time
-----------------------------------------------------------------------------
                                  3.63   slack (MET)



==========================================================================
finish report_checks -unconstrained
--------------------------------------------------------------------------
Startpoint: A10[4] (input port clocked by clk)
Endpoint: C10[12] (output port clocked by clk)
Path Group: clk
Path Type: max

Fanout     Cap    Slew   Delay    Time   Description
-----------------------------------------------------------------------------
                          0.00    0.00   clock clk (rise edge)
                          0.00    0.00   clock network delay (propagated)
                          0.10    0.10 ^ input external delay
     1    2.67    0.00    0.00    0.10 ^ A10[4] (in)
                                         A10[4] (net)
                  0.00    0.00    0.10 ^ input21/A (BUF_X1)
    16   32.27    0.07    0.09    0.19 ^ input21/Z (BUF_X1)
                                         net21 (net)
                  0.07    0.01    0.19 ^ _3434_/A2 (NAND2_X1)
     1    3.46    0.02    0.03    0.22 v _3434_/ZN (NAND2_X1)
                                         _0761_ (net)
                  0.02    0.00    0.22 v _4560_/B (FA_X1)
     1    3.85    0.02    0.13    0.35 ^ _4560_/S (FA_X1)
                                         _2446_ (net)
                  0.02    0.00    0.35 ^ _4567_/A (FA_X1)
     1    3.67    0.02    0.09    0.44 v _4567_/S (FA_X1)
                                         _2454_ (net)
                  0.02    0.00    0.44 v _4569_/B (FA_X1)
     1    1.81    0.01    0.12    0.56 ^ _4569_/S (FA_X1)
                                         _0791_ (net)
                  0.01    0.00    0.56 ^ _3454_/A (INV_X1)
     1    4.37    0.01    0.01    0.58 v _3454_/ZN (INV_X1)
                                         _0803_ (net)
                  0.01    0.00    0.58 v _4573_/A (FA_X1)
     1    2.90    0.01    0.11    0.69 ^ _4573_/S (FA_X1)
                                         _2458_ (net)
                  0.01    0.00    0.69 ^ _4580_/CI (FA_X1)
     1    2.74    0.02    0.09    0.78 v _4580_/S (FA_X1)
                                         _2463_ (net)
                  0.02    0.00    0.78 v _4583_/CI (FA_X1)
     1    3.52    0.01    0.12    0.90 ^ _4583_/S (FA_X1)
                                         _2468_ (net)
                  0.01    0.00    0.90 ^ _4860_/B (HA_X1)
     5    9.90    0.06    0.09    0.99 ^ _4860_/S (HA_X1)
                                         _1535_ (net)
                  0.06    0.00    0.99 ^ _3638_/A (OAI21_X1)
     1    3.10    0.02    0.03    1.02 v _3638_/ZN (OAI21_X1)
                                         _1981_ (net)
                  0.02    0.00    1.02 v _3641_/A (AOI21_X2)
     2    5.61    0.03    0.05    1.07 ^ _3641_/ZN (AOI21_X2)
                                         _1984_ (net)
                  0.03    0.00    1.07 ^ _3643_/B1 (OAI221_X2)
     4    7.97    0.03    0.04    1.11 v _3643_/ZN (OAI221_X2)
                                         _1986_ (net)
                  0.03    0.00    1.11 v _3660_/A4 (OR4_X1)
     1    1.71    0.02    0.12    1.23 v _3660_/ZN (OR4_X1)
                                         _2001_ (net)
                  0.02    0.00    1.23 v _3664_/A2 (NAND3_X1)
     1    1.57    0.01    0.02    1.25 ^ _3664_/ZN (NAND3_X1)
                                         net100 (net)
                  0.01    0.00    1.25 ^ output100/A (BUF_X1)
     1    0.26    0.00    0.02    1.27 ^ output100/Z (BUF_X1)
                                         C10[12] (net)
                  0.00    0.00    1.27 ^ C10[12] (out)
                                  1.27   data arrival time

                          5.00    5.00   clock clk (rise edge)
                          0.00    5.00   clock network delay (propagated)
                          0.00    5.00   clock reconvergence pessimism
                         -0.10    4.90   output external delay
                                  4.90   data required time
-----------------------------------------------------------------------------
                                  4.90   data required time
                                 -1.27   data arrival time
-----------------------------------------------------------------------------
                                  3.63   slack (MET)



==========================================================================
finish report_check_types -max_slew -max_cap -max_fanout -violators
--------------------------------------------------------------------------

==========================================================================
finish max_slew_check_slack
--------------------------------------------------------------------------
0.11331431567668915

==========================================================================
finish max_slew_check_limit
--------------------------------------------------------------------------
0.1985349953174591

==========================================================================
finish max_slew_check_slack_limit
--------------------------------------------------------------------------
0.5708

==========================================================================
finish max_fanout_check_slack
--------------------------------------------------------------------------
1.0000000150474662e+30

==========================================================================
finish max_fanout_check_limit
--------------------------------------------------------------------------
1.0000000150474662e+30

==========================================================================
finish max_capacitance_check_slack
--------------------------------------------------------------------------
8.485941886901855

==========================================================================
finish max_capacitance_check_limit
--------------------------------------------------------------------------
10.47130012512207

==========================================================================
finish max_capacitance_check_slack_limit
--------------------------------------------------------------------------
0.8104

==========================================================================
finish max_slew_violation_count
--------------------------------------------------------------------------
max slew violation count 0

==========================================================================
finish max_fanout_violation_count
--------------------------------------------------------------------------
max fanout violation count 0

==========================================================================
finish max_cap_violation_count
--------------------------------------------------------------------------
max cap violation count 0

==========================================================================
finish setup_violation_count
--------------------------------------------------------------------------
setup violation count 0

==========================================================================
finish hold_violation_count
--------------------------------------------------------------------------
hold violation count 0

==========================================================================
finish critical path delay
--------------------------------------------------------------------------
1.2729

==========================================================================
finish critical path slack
--------------------------------------------------------------------------
3.6271

==========================================================================
finish slack div critical path delay
--------------------------------------------------------------------------
284.947757

==========================================================================
finish report_power
--------------------------------------------------------------------------
Group                  Internal  Switching    Leakage      Total
                          Power      Power      Power      Power (Watts)
----------------------------------------------------------------
Sequential             0.00e+00   0.00e+00   0.00e+00   0.00e+00   0.0%
Combinational          2.08e-03   1.59e-03   7.47e-05   3.75e-03 100.0%
Clock                  0.00e+00   0.00e+00   0.00e+00   0.00e+00   0.0%
Macro                  0.00e+00   0.00e+00   0.00e+00   0.00e+00   0.0%
Pad                    0.00e+00   0.00e+00   0.00e+00   0.00e+00   0.0%
----------------------------------------------------------------
Total                  2.08e-03   1.59e-03   7.47e-05   3.75e-03 100.0%
                          55.6%      42.4%       2.0%
